gpg-pubkey-c2a1e572-668fe8ef 1720707311 0 (none) installed
gpg-pubkey-e37ed158-65785fa9 1702387625 0 (none) installed
libgcc-14.3.1-4.4.el10.alma.2.x86_64 1772111059 277156 7949b41f2a41490134f9c69f7e2c1c65 installed
ghc-srpm-macros-1.9.2-1.el10_0.noarch 1745569162 779 625f9b093fee9bb0f6c830c41d176111 installed
fpc-srpm-macros-1.3-7.el10_1.noarch 1755334968 144 0a58f44f776d4ea0ffce09c1bbaa8ca3 installed
ansible-srpm-macros-1-21.el10_2.noarch 1775683801 36518 b700833b44409eac292f9bce818b0997 installed
rust-toolset-srpm-macros-1.92.0-1.el10.alma.1.noarch 1769678040 2058 0d60c18e3b88c789b1b6ebc8952eaa5a installed
qt6-srpm-macros-6.10.1-1.el10.noarch 1765395372 464 06529f2a2bd0c79cd0570bafef490907 installed
perl-srpm-macros-1-57.el10.noarch 1734187617 861 3f5c5db2565569d4dace4c85bea37804 installed
package-notes-srpm-macros-0.5-13.el10.noarch 1734185638 1601 3cde60bb10b67a9550ccb1ae9aa8ac6a installed
openblas-srpm-macros-2-19.el10.noarch 1733929368 112 6993787a9cab21e9aab85c30a0bd442b installed
ocaml-srpm-macros-10-4.el10.noarch 1733929149 1959 a610b0ad19679654a9af8575d4e8923c installed
kernel-srpm-macros-1.0-27.el10.noarch 1765923590 1957 cf3659ec2ffd3a36112b6a5f4b8b9f03 installed
publicsuffix-list-dafsa-20240107-5.el10.noarch 1734189502 69171 c775084ba1b508126c5745a0778064b3 installed
pkgconf-m4-2.1.0-3.el10.noarch 1734174077 14252 b3c32290e4f1543b14dc83a4c2513db2 installed
pcre2-syntax-10.44-1.el10.3.noarch 1734183240 257634 ccd27752f168a8b7672bfe7e68744cd1 installed
ncurses-base-6.4-15.20240127.el10_1.noarch 1774527579 334036 fe651a52c8f62374dbbc28b771121270 installed
libssh-config-0.12.0-2.el10.noarch 1771608003 277 7560b4dae38b20f4b4027cb55ca10d74 installed
coreutils-common-9.5-8.el10_2.x86_64 1782813009 11696110 e9a25e1583991cd8268d565ea4a6f6f8 installed
almalinux-gpg-keys-10.2-21.el10.x86_64 1779787804 1652 8cb5d2eab58992fd96ea5b908b092aa7 installed
almalinux-release-10.2-21.el10.x86_64 1779787804 36930 3ea9d2aebf120c644579d5d7784d31f9 installed
almalinux-repos-10.2-21.el10.x86_64 1779787804 8842 461cb50a3e11a6b8be9147b3c6db1b03 installed
setup-2.14.5-7.el10.noarch 1749151765 737783 26a8c05f8f1bbf593e4be89452a0e7e6 installed
filesystem-3.18-17.el10.x86_64 1752686252 106 cd099c7ded56a34afeb19303409768fe installed
basesystem-11-22.el10.noarch 1734045537 0 595b21c06f70147e1cbd931fd91c5943 installed
glibc-gconv-extra-2.39-126.el10_2.alma.1.x86_64 1782812216 8165878 3974a276b3e32d498a6f6b576d49b2a8 installed
ncurses-libs-6.4-15.20240127.el10_1.x86_64 1774527582 985279 26a618ec26f38b75cefd2bae38d88474 installed
glibc-2.39-126.el10_2.alma.1.x86_64 1782812216 6554562 98240327a51c20ba4cc7451da6fedbd0 installed
bash-5.2.26-6.el10.x86_64 1741028594 8546555 33ee7b72828d90fb415b67bd18703f74 installed
glibc-common-2.39-126.el10_2.alma.1.x86_64 1782812216 1077018 b1637c3a83773fda995dfda0b0fe16d8 installed
glibc-minimal-langpack-2.39-126.el10_2.alma.1.x86_64 1782812216 0 31358f8fe63ed2e708b6827ac957219d installed
zlib-ng-compat-2.2.3-3.el10_1.x86_64 1770277085 144984 28b459adb24241e9517e1ce78666c920 installed
bzip2-libs-1.0.8-25.el10.x86_64 1739793622 82508 e5f6720795f36889b359c475e483f7ef installed
xz-libs-1:5.6.2-4.el10_0.x86_64 1747270625 219435 608b2b9f10f7620cefdac9352fb63534 installed
libstdc++-14.3.1-4.4.el10.alma.2.x86_64 1772111059 2974265 87415d9f7f4ce0763d075b8f60feba0a installed
libuuid-2.40.2-18.el10.x86_64 1772616096 38205 f376da94fff0eb754df16f70ede75c81 installed
popt-1.19-8.el10.x86_64 1734182146 140018 256fddaef6554f1f6ceb555943d5fe6f installed
readline-8.2-11.el10.x86_64 1734229259 500661 174639cbdc16be685c086ca7266bcd9c installed
libblkid-2.40.2-18.el10.x86_64 1772616096 268722 735d7bf51eeecf19c35d17bf409a2b4d installed
gmp-1:6.2.1-12.el10.x86_64 1751972776 821624 bbbc524d3ab91f5edafea5f166b1e8e0 installed
libattr-2.5.2-5.el10.x86_64 1734026062 29069 b2341171bda83939715030ce5d108165 installed
libacl-2.3.2-4.el10.x86_64 1734043789 40850 ebe8226da4e171577d0bbab67b7312a4 installed
libxcrypt-4.4.36-10.el10.x86_64 1733850318 269013 8d8e6f919abfb562e078733ba4769d67 installed
libzstd-1.5.5-9.el10.x86_64 1734225610 757350 2cd1680b7ef732c54728aa04789e0e99 installed
elfutils-libelf-0.194-2.el10_2.x86_64 1775585482 1177020 5e671269932d2d02b5e7177e7b308056 installed
crypto-policies-20260216-1.git0e54016.el10.alma.1.noarch 1772011816 121884 ce8312a29c8eb0aeb4523efe65075cf8 installed
gdbm-libs-1:1.23-12.el10_0.x86_64 1747265717 124802 2316777b35d417be0789a01d1ee525be installed
libeconf-0.6.2-4.el10.x86_64 1733853768 59264 208d3c26163ea7bed300f522617cdb01 installed
dwz-0.16-1.el10.x86_64 1752668350 301844 16929aa2620f73511ea34b15d5a4e5d2 installed
mpfr-4.2.1-8.el10.x86_64 1772661311 860061 8b574f141ddc1b7e0e23a1a6d1f6e22c installed
gawk-5.3.0-6.el10.x86_64 1739945434 1793472 c366fdd2469a3c534eda3a19ab2f3cdd installed
unzip-6.0-69.el10.x86_64 1750333114 411923 5a44502ca6a83b2f861ead7e8ab1166a installed
file-libs-5.45-9.el10.x86_64 1772798627 10414622 0cfda89881b7a922e66171b7cfc610df installed
file-5.45-9.el10.x86_64 1772798627 105823 fff637fce52a61acb6a54d447b615fcc installed
alternatives-1.30-2.el10.x86_64 1734038722 67745 3e47e765b3c0ab2f3cb590294ca38da0 installed
jansson-2.14-3.el10.x86_64 1734103152 91133 3d49634d0f323df9ddd1cdf2390e9bac installed
libcap-ng-0.8.4-6.el10.x86_64 1733842566 70563 702388695e018fc6547ae8bbabd66b1f installed
audit-libs-4.0.3-5.el10.x86_64 1768993857 367793 63cd5063d5aa400dc00e08694416fef7 installed
pam-libs-1.6.1-9.el10.x86_64 1765406635 137911 67b3eca0dc2389c375c9145d81013a3d installed
libcap-2.69-7.el10_2.1.x86_64 1779286980 223951 39fccdd85305004fcc5d5f3b3f68c5f7 installed
systemd-libs-257-23.el10_2.2.alma.1.x86_64 1780480095 2399722 243b642a96c57c5c74f7c7b4806561a6 installed
libffi-3.4.4-10.el10.x86_64 1747823536 87528 c80b924edecab6dabffeed80b4927ada installed
libsepol-3.10-1.el10.x86_64 1771421990 853723 866983176e73a5537956f9bc7c09cbdd installed
libsmartcols-2.40.2-18.el10.x86_64 1772616096 184594 911a0d671326fa14abcc46a6b8875d57 installed
libtasn1-4.20.0-5.el10_2.x86_64 1782266294 180507 d3544e48fd2501946f866ef6cf155c7e installed
libunistring-1.1-10.el10.x86_64 1733904176 1816877 3f16ea4ddf5bc4ae6ee21a4837c70fb4 installed
libidn2-2.3.7-3.el10.x86_64 1733850022 336858 2b0050552a0a51ada221810e4efda676 installed
lua-libs-5.4.6-7.el10.x86_64 1734109366 287675 be290028da837f19205de27d32cf8cf3 installed
lz4-libs-1.9.4-8.el10.x86_64 1734119549 136459 f011548c152d1564efbe7ffa0b920650 installed
pcre2-10.44-1.el10.3.x86_64 1734182345 668922 33d86a93e1b34e8e1357806fa9544e47 installed
libselinux-3.10-1.el10.x86_64 1771427476 201757 e0c0e992c667da597a0b24931c9fcb71 installed
sed-4.9-5.el10.x86_64 1772782921 881955 0323e43a85d3c630a97327bb0219984e installed
findutils-1:4.10.0-5.el10.x86_64 1734029841 1942695 a2ad8e80525d5697be0727e2b48720a3 installed
grep-3.11-10.el10.x86_64 1734032278 1042042 64543d207b8fd07457f39ea4b477b932 installed
xz-1:5.6.2-4.el10_0.x86_64 1747270625 1244808 8b8271fed592f1d935539b0ed707644a installed
libmount-2.40.2-18.el10.x86_64 1772616096 364210 90ceec59b1ddf1c07edbade83e68278a installed
util-linux-core-2.40.2-18.el10.x86_64 1772616096 1542981 d269205fd4470081a707c883c9458a01 installed
libsemanage-3.10-1.el10.x86_64 1771428438 319507 a0d99858b87e0ab415f93708828f2288 installed
shadow-utils-2:4.15.0-11.el10.x86_64 1772803816 4269722 7106fa9e96d48daa0b1f254b65674e2c installed
libutempter-1.2.1-15.el10.x86_64 1733852925 58809 d9a46176e8b210319ad7b5204a4c5ebd installed
tar-2:1.35-11.el10.x86_64 1772783342 3101966 7780baf15d2d8150e024893bcbe5bd8e installed
zstd-1.5.5-9.el10.x86_64 1734225610 1656557 def2b58ee2588c1f9297f43f8dc18f76 installed
libpsl-0.21.5-6.el10.x86_64 1733849977 82352 f9c931353b547cb084a92dbcb87d18fc installed
p11-kit-0.26.2-1.el10.x86_64 1771440128 2638530 523c5f43bf3ad1e9621a9a8a8f3c20e6 installed
p11-kit-trust-0.26.2-1.el10.x86_64 1771440128 477281 3bc6eb505f9f1dbf39f755a80620291b installed
coreutils-9.5-8.el10_2.x86_64 1782813009 5714506 93f6821202efd06a3fd8ecbf3c6482d5 installed
ca-certificates-2025.2.80_v9.0.305-102.el10_1.noarch 1763138081 2801276 4b30227dd6f330ba2eb8ae02782a9bb8 installed
authselect-libs-1.5.2-1.el10.x86_64 1770798670 923738 9addac1a819e858a3780c20b8da701d9 installed
gzip-1.13-3.el10.x86_64 1734373206 398194 fc73eee8049d45bacb8517b196ed18ac installed
cracklib-2.9.11-8.el10.x86_64 1734033833 244461 2f6715332bbe19883333fd39c9a31582 installed
cracklib-dicts-2.9.11-8.el10.x86_64 1734033833 9815811 bd870a60599f9426447adc7a9faf8f52 installed
libpwquality-1.4.5-12.el10.x86_64 1733850696 427194 223aadacddba621f470dba11c8db4608 installed
libevent-2.1.12-16.el10.x86_64 1733846367 916490 898e141e01bec1ba693e2207ae5582c6 installed
rpm-sequoia-1.10.1.1-2.el10.x86_64 1772782143 2652128 fbffbdf6aa9449b861c0a230cff5cb2d installed
zip-3.0-45.el10.x86_64 1755248080 726153 5d8186bb574c45c88e8ec5fa628a8ccc installed
cyrus-sasl-lib-2.1.28-30.el10_2.x86_64 1780480452 732566 5c39a979e0999d6a1a959af8c1b53c65 installed
openldap-2.6.10-1.el10.x86_64 1768893284 518947 f73de235116a332b8151c06b1d97baa4 installed
gdbm-1:1.23-12.el10_0.x86_64 1747265717 471407 b71416d44d94b2d2048116823e379b5a installed
pam-1.6.1-9.el10.x86_64 1765406635 1848795 412d3cec164cfc05600c79e14ff8b664 installed
libfdisk-2.40.2-18.el10.x86_64 1772616096 379794 c4e80c019a5b5f4dea9d7cb6afd8114d installed
libarchive-3.7.7-8.el10_1.x86_64 1776411334 961194 b44a06846e6b5f7ba6b208ffdebf907d installed
bzip2-1.0.8-25.el10.x86_64 1739793622 97597 55d60e7810482fc02ab74f791a351d26 installed
sqlite-libs-3.46.1-5.el10_1.x86_64 1761561983 1571640 f7fda595ba487c8bdbb4715b829fef70 installed
rpm-libs-4.19.1.1-23.el10.alma.1.x86_64 1771363610 743168 6a52c3922745396512162d8f8ff9503d installed
ed-1.20-5.el10.x86_64 1734036248 149356 d9eb1a6d7f626f07d1d0f6a30b128954 installed
patch-2.7.6-26.el10.x86_64 1734153030 264738 3d2b21419101e47f0569feb6397afa13 installed
elfutils-default-yama-scope-0.194-2.el10_2.noarch 1775581598 1810 08b8a59eb1b4c083483773709df71370 installed
cpio-2.15-3.el10.x86_64 1734031711 1150520 6e8723c0f97dddd46fec04164c75aef5 installed
diffutils-3.10-8.el10.x86_64 1734026420 1657323 dc3dac84318bee7257be6e4c75b23dfc installed
json-c-0.18-3.el10.x86_64 1734112482 84530 7f07c17b20a78ac0ca779af334183450 installed
keyutils-libs-1.6.3-5.el10.x86_64 1737113140 54083 6b7336de3157e5ae0d8f939406a398c5 installed
libbrotli-1.1.0-7.el10_1.x86_64 1768929854 865506 6b8ecad63cdef444fc9968b92b4e184b installed
libcbor-0.11.0-3.el10.x86_64 1733899191 75535 4cf35242ab457fd6ed8fd00110801117 installed
libfido2-1.14.0-7.el10.x86_64 1733850183 243356 eac10361b07f61d6c4c23716b8fa33c5 installed
libcom_err-1.47.1-5.el10.x86_64 1764176485 68697 22e0715bd20c2f4c06149098c0241f64 installed
libgomp-14.3.1-4.4.el10.alma.2.x86_64 1772111059 540232 43b07124c74b8dc9311f7f408491ba71 installed
libnghttp2-1.68.0-3.el10_2.1.x86_64 1779304727 165820 fa43e2c63a13db3b55987c0ab52c64cc installed
libpkgconf-2.1.0-3.el10.x86_64 1734172741 75857 d3e54138803062f6f74c4a9139f37417 installed
pkgconf-2.1.0-3.el10.x86_64 1734172741 84218 8e8af64d19b84206c62f00c8de3fbc02 installed
pkgconf-pkg-config-2.1.0-3.el10.x86_64 1734172741 989 7fbf860ab46a0492211d93b79e803ff4 installed
libverto-0.3.2-10.el10.x86_64 1733855959 30045 c9cd9352f564335e0e2d8f6004da1136 installed
krb5-libs-1.21.3-10.el10_2.x86_64 1779304413 2408813 26e6d21bf129f0ab5858f96b4b4433cc installed
libssh-0.12.0-2.el10.x86_64 1771605846 699580 0ae591364874a59f81d2984c24ca1fbe installed
libcurl-8.12.1-4.el10.x86_64 1765399612 854238 dd697f1dd4c218ea8aad2fcb4373c102 installed
elfutils-libs-0.194-2.el10_2.x86_64 1775585482 707101 d487b8127b96f405386b7b813d98053a installed
elfutils-debuginfod-client-0.194-2.el10_2.x86_64 1775585482 81778 d2aff5c3a4cdf80f82f9e34fa6c7e11c installed
binutils-gold-2.41-63.el10.alma.1.x86_64 1772647031 2173395 1c74a43982f690aa99be054d90265583 installed
binutils-2.41-63.el10.alma.1.x86_64 1772647031 27832332 65a8a9a9d5e571fb5170229067ae54c3 installed
elfutils-0.194-2.el10_2.x86_64 1775585482 3107374 23b79ea75326fa699fe66687d1561ad1 installed
gdb-minimal-16.3-3.el10.x86_64 1772788942 13747873 0ea7581662cc1d272df31df5ca960cd8 installed
debugedit-5.1-8.el10.x86_64 1751369369 205423 c3bb1528e3aee250c550fbd312ff8929 installed
rpm-build-libs-4.19.1.1-23.el10.alma.1.x86_64 1771363610 203064 1359199297954946078204ed793d0615 installed
curl-8.12.1-4.el10.x86_64 1765399612 465464 5776c14b84410c31bad67ecf9df3c156 installed
rpm-4.19.1.1-23.el10.alma.1.x86_64 1771363610 3101173 d454f8f37bad0380e5019b37606672e7 installed
efi-srpm-macros-6-6.el10.alma.1.noarch 1734440590 41092 3931350959da64ff1bdcee011ec80a8a installed
lua-srpm-macros-1-15.el10.noarch 1734113187 1367 2ad13a3b28040716f2b0736f0272accf installed
fonts-srpm-macros-1:2.0.5-18.el10.noarch 1734052831 57184 eedab5b50fdbbf1b8cdc83c4f2c8edf5 installed
forge-srpm-macros-0.4.0-6.el10.noarch 1736711136 39882 4c15475beb02fc0b79b32a58f7d20579 installed
go-srpm-macros-3.8.0-1.el10.noarch 1758831879 61920 56a516ceb50cd6184f68973acdbc8c88 installed
python-srpm-macros-3.12-11.el10.noarch 1766738522 52640 ed3e009071f89e0fd2bd068362d38b8d installed
redhat-rpm-config-295-1.el10.alma.1.noarch 1769677355 184132 247322332d4a0c339e7d7dd15d662b3e installed
rpm-build-4.19.1.1-23.el10.alma.1.x86_64 1771363610 176869 3a7ab00bec7f2ef09f84a8a1dd890a46 installed
pyproject-srpm-macros-1.18.5-1.el10.noarch 1765414691 1945 a784e0acfabe5f523509ba0680db13b7 installed
R-srpm-macros-1.3.7-1.el10_2.noarch 1774883158 3626 2c06b509d423024fa0b3262a32777304 installed
epel-rpm-macros-10-7.el10_2.noarch 1774638734 762 cafc889f3d479a4e91e2362b8e55a3d7 installed
util-linux-2.40.2-18.el10.x86_64 1772616096 3884882 b67e1e4b9d20c59891580e1de1c8b0ab installed
authselect-1.5.2-1.el10.x86_64 1770798670 218168 6a6e40809aebb521b907e0b36fd6c44f installed
which-2.21-44.el10_0.x86_64 1754377721 85738 e17d66bb6c0f405d416b6a1fdb2c38c4 installed
info-7.1-6.el10.x86_64 1738055043 363386 f0fc5c8361ad821282ebbae9e05dd70d installed
openssl-libs-1:3.5.5-5.el10_2.alma.1.x86_64 1784053766 6859603 d3a7a13ade97e418b30e31defbebcea6 installed
openssl-fips-provider-1:3.5.5-5.el10_2.alma.1.x86_64 1784053766 2493298 e9a58d3291b50c2adc7f10c752185241 installed
libxml2-2.12.5-10.el10_2.2.x86_64 1784062125 1791435 b08bf91b8fc2fa542f099990afaddea0 installed
libgpg-error-1.50-2.el10.x86_64 1733855769 910556 f59f2c1e7efe74dbbf8400451caf9cf9 installed
libmpc-1.3.1-7.el10.x86_64 1733854663 168484 974a12be4299281204bdba89e52d83a3 installed
make-1:4.4.1-9.el10.x86_64 1734102928 1880255 c5424038bde4ef1359a4b6ea67274eb0 installed
expat-2.7.3-1.el10_2.1.x86_64 1780486663 316343 8cce881cb4ae3f71f7799bf834a8a4c5 installed
cpp-14.3.1-4.4.el10.alma.2.x86_64 1772111059 40432232 46189c8d845987648be365e28a5b5925 installed
libassuan-2.5.6-6.el10.x86_64 1733848522 167382 a919fd508639c90edf1ceeb10f1845c3 installed
libgcrypt-1.11.0-5.el10.x86_64 1733852484 1635706 412c7259372896190ca72a04f35ab059 installed
libksba-1.6.7-2.el10.x86_64 1733845501 407980 e09ee8ecfd6d2bbb17dd5866b056b4fc installed
yajl-2.1.0-25.el10.x86_64 1782997828 88160 187f2bcd55293c5ac3691127d7b9e714 installed
pcre2-utf32-10.44-1.el10.3.x86_64 1734182345 575360 ef420c749792c32687c185a88d0af75e installed
pcre2-utf16-10.44-1.el10.3.x86_64 1734182345 604080 dc2d059a580da16e7505a8d4f582e2ac installed
libstdc++-devel-14.3.1-4.4.el10.alma.2.x86_64 1772111059 16257943 1029884b90918b57379097ff08548877 installed
kernel-headers-6.12.0-211.34.1.el10_2.x86_64 1784113163 7073191 b633160801f92024035ee2102dfea438 installed
libxcrypt-devel-4.4.36-10.el10.x86_64 1733850318 30995 9efc5effc6f98a939a173e6687c552ee installed
glibc-devel-2.39-126.el10_2.alma.1.x86_64 1782812216 2350907 9481b7e9ecb594818400a6edba4a10ae installed
gcc-14.3.1-4.4.el10.alma.2.x86_64 1772111059 114806563 99c171da548ae0ffafa581d7e3c83f6b installed
gcc-c++-14.3.1-4.4.el10.alma.2.x86_64 1772111059 43853023 717bee99744ba574151f53ae9e5feb3a installed
cmake-filesystem-3.31.8-1.el10.x86_64 1758819681 0 5c37d44753f4da0d8badead22f73cede installed
annobin-docs-13.02-2.el10.noarch 1768993423 101309 87498c68a624c2ba6cee5aabd2a7e790 installed
tzdata-2026b-1.el10.alma.1.noarch 1779809556 1922383 db81f37862a1948f1999cf4fcc367342 installed
tpm2-tss-4.1.3-6.el10.x86_64 1771446735 1615944 a26e70f13d304fa47d1c7a67b1595cba installed
python3-pip-wheel-23.3.2-11.el10_2.noarch 1779526936 1600309 2612b96b21296e07955b51fcd954d692 installed
npth-1.6-21.el10.x86_64 1734183744 50739 99d2a3baf0055c72d1484f6239570fc9 installed
ncurses-6.4-15.20240127.el10_1.x86_64 1774527582 634674 55e486295958eb9b2a451d53a9fd6b28 installed
mpdecimal-2.5.1-12.el10.x86_64 1734111731 205591 5412ab404cf934ac34ed27b29e7db6c9 installed
python3-3.12.13-2.el10_2.1.x86_64 1784051614 32122 24ea293ffd8b68472adb5bfee70bd993 installed
python3-libs-3.12.13-2.el10_2.1.x86_64 1784051614 43683832 edf95ebd9d5da815029761924280d619 installed
python3-pyparsing-3.1.1-7.el10.noarch 1734168089 1038569 07cd870d1397df3cab18be5ec61914b1 installed
systemtap-sdt-dtrace-5.4-3.el10.x86_64 1765401807 184937 2669a4ce5611aacd70dd920310c72a9f installed
systemtap-sdt-devel-5.4-3.el10.x86_64 1765401807 188425 7eca5c54a4fc9488ec6112ecd8409940 installed
lmdb-libs-0.9.32-4.el10.x86_64 1734115837 111854 c71f65457f589e21fe69b3f06bbd7005 installed
libseccomp-2.5.6-1.el10.x86_64 1752673951 181755 d7b85c79e56a10b4258239a7825636e8 installed
groff-base-1.23.0-10.el10.x86_64 1734033526 4033062 daa077b8acd443ba18128417cf383036 installed
perl-Digest-1.20-511.el10.noarch 1734171286 36060 84e350b83354754fb4db9f989fd1edf2 installed
perl-Digest-MD5-2.59-6.el10.x86_64 1734173450 61064 876e8386a368a2dc22d1a3adecbfc4d1 installed
perl-B-0:1.89-512.2.el10_0.x86_64 1753788924 505804 c1d337c39fac9ad20e6865cac1bba617 installed
perl-FileHandle-0:2.05-512.2.el10_0.noarch 1753788929 9568 0715f6a6980af952f1e1404a97171019 installed
perl-Data-Dumper-2.189-512.el10.x86_64 1734183652 114238 faced24591982d3fdab6fd6b20c5917e installed
perl-libnet-3.15-512.el10.noarch 1734174643 295890 a2ff3aaeed344f3df5d6d26d5d540ea3 installed
perl-AutoLoader-0:5.74-512.2.el10_0.noarch 1753788929 21029 c9c2b14087775d859560d58567b3144a installed
perl-Class-Struct-0:0.68-512.2.el10_0.noarch 1753788929 25968 50fd367e81868049b5e8c20cff8977e4 installed
perl-locale-0:1.12-512.2.el10_0.noarch 1753788929 6653 de76473fdf3751c711f3533abc3b49cb installed
perl-URI-5.27-3.el10.noarch 1734156580 245507 bcc80da914a104f99a236fbd3148fdc9 installed
perl-Socket-4:2.038-511.el10.x86_64 1734172822 126873 3b2866de051147801dd805af63657009 installed
perl-SelectSaver-0:1.02-512.2.el10_0.noarch 1753788929 2220 702708e2d44e95ff69a294501daf7f81 installed
perl-Term-ANSIColor-5.01-512.el10.noarch 1734159257 99820 3f59f5750e47695e72c427a69baeb499 installed
perl-Text-Tabs+Wrap-2024.001-511.el10.noarch 1734341483 23045 bb4f7ee0a76bd6bff0008c7f7ea17ddf installed
perl-base-0:2.27-512.2.el10_0.noarch 1753788929 12844 5f23690ee799354b8f2c0041c638b2ab installed
perl-Mozilla-CA-20231213-5.el10.noarch 1734190987 9370 fcc2827c735567d392dc1a8cbd5f510b installed
perl-if-0:0.61.000-512.2.el10_0.noarch 1753788929 5948 037dcd55c5fbf167c60fa93a93156d76 installed
perl-POSIX-0:2.20-512.2.el10_0.x86_64 1753788924 236577 ceed10e066e6e40991d26ffd10434359 installed
perl-mro-0:1.29-512.2.el10_0.x86_64 1753788924 46636 15c9aad4bd90adc59a0f40bb6e289cbf installed
perl-IO-Socket-IP-0.42-512.el10.noarch 1734154166 100992 87146e8cf9b3e329da14676afe72987b installed
perl-File-stat-0:1.14-512.2.el10_0.noarch 1753788929 12808 ee631c8dbceefb565063084ac6e4d9ba installed
perl-overloading-0:0.02-512.2.el10_0.noarch 1753788929 4961 6264bf684cd188e1130be87dbbda8465 installed
perl-Time-Local-2:1.350-511.el10.noarch 1734183679 70554 cc36224715c9f9403abd09684bb7888c installed
perl-File-Path-2.18-512.el10.noarch 1765910057 65002 afb1109786ec70a38b34536fe1335c68 installed
perl-IO-Socket-SSL-2.085-3.el10.noarch 1734155500 701396 24d70970220d04b81c1496c9e3df37f5 installed
perl-Net-SSLeay-1.94-8.el10.x86_64 1749458549 1403892 498665157273eec20f78830f78c3afa9 installed
perl-Pod-Escapes-1:1.07-511.el10.noarch 1734154351 25476 7982187d37301575bdff5a2b93ed2e2b installed
perl-Term-Cap-1.18-511.el10.noarch 1734161153 29958 74ce648663fe3f11f2ec31fbb83c9621 installed
perl-Pod-Usage-4:2.03-511.el10.noarch 1734162375 86712 a893f14f364e0eed2c5531c020028e17 installed
perl-Errno-0:1.38-512.2.el10_0.x86_64 1753788924 8531 3d27b53f0158aa03a570b26c5b4e11e9 installed
perl-Fcntl-0:1.18-512.2.el10_0.x86_64 1753788924 45991 7436d6ac0e8f5f6f3beb390276edd54e installed
perl-File-Basename-0:2.86-512.2.el10_0.noarch 1753788929 14342 f4098dcd9e65a4828832c944cf28fe53 installed
perl-Getopt-Std-0:1.14-512.2.el10_0.noarch 1753788929 11449 eaa4dde4f34ff337ba9e81acbaab49a6 installed
perl-MIME-Base64-3.16-511.el10.x86_64 1734155034 47068 9ad927318b4d079c1d47a9310387216e installed
perl-Scalar-List-Utils-5:1.63-511.el10.x86_64 1734170950 148846 eaecf03182006577a9aefa937c16fa7e installed
perl-Symbol-0:1.09-512.2.el10_0.noarch 1753788929 6976 7ba058401858f628a8f3089f10dd9599 installed
perl-Text-ParseWords-3.31-511.el10.noarch 1734164890 13839 ae1f64f6441e0bba44644eb26cc8bd8c installed
perl-constant-1.33-512.el10.noarch 1734163715 26840 a95b3103d5f92c20bbc863e87c11b8ea installed
perl-IPC-Open3-0:1.22-512.2.el10_0.noarch 1753788929 22995 91f7326fdb1d474df9d1499c1c67d383 installed
perl-Storable-1:3.32-511.el10.x86_64 1734178776 237810 a468635449924a8b5fd7d5f732fae705 installed
perl-IO-0:1.55-512.2.el10_0.x86_64 1753788924 154607 fb5a5b3244ad31053a6d84d71cf1a4b9 installed
perl-overload-0:1.37-512.2.el10_0.noarch 1753788929 73252 508ee7e48cf055287b79288f5fe7c00b installed
perl-parent-1:0.241-512.el10.noarch 1734181849 9959 92b831984d7f5e4a405aad7212cb8def installed
perl-File-Temp-1:0.231.100-512.el10.noarch 1734189983 166172 b9c403d2f298afde7ba7d289ad3ccecf installed
perl-HTTP-Tiny-0.088-512.el10.noarch 1734176231 155788 551cd14802b37aaab28db1f44ac0d083 installed
perl-vars-0:1.05-512.2.el10_0.noarch 1753788929 3960 e39ccdbf90a868e0bfe3ce2703b427d4 installed
perl-Pod-Simple-1:3.45-511.el10.noarch 1734160679 573280 51c868bdea985701613896451574c1b6 installed
perl-Getopt-Long-1:2.58-3.el10.noarch 1734161264 147853 394d7db4240c4badac89a28e52e7b4cb installed
perl-podlators-1:5.01-511.el10.noarch 1734185791 315477 f2f880e98127591c7639c23580d7a027 installed
perl-Carp-1.54-511.el10.noarch 1734187352 47652 bcd5efd9e0cc706f679371d782451e16 installed
perl-Exporter-5.78-511.el10.noarch 1734188924 55539 afc05752788c583eb69d050fa967f371 installed
perl-GDBM_File-1:1.24-512.2.el10_0.x86_64 1753788924 85579 4532e5a665311eddfa275c0a39075ec5 installed
perl-NDBM_File-0:1.17-512.2.el10_0.x86_64 1753788924 29134 f8b48469335260345082eef99b7b28c6 installed
perl-ODBM_File-0:1.18-512.2.el10_0.x86_64 1753788924 33105 0284ff2770390503d2ddfa08becc4a89 installed
perl-PathTools-3.91-512.el10.x86_64 1738054644 182916 3b9c3d47e2d5f0a9adf21177e83f17e3 installed
perl-DynaLoader-0:1.56-512.2.el10_0.x86_64 1753788924 32841 ac22b78714982edbc98b55ab1102f0f3 installed
perl-Encode-4:3.21-511.el10.x86_64 1734177504 4930706 ae657f539bb189abb7ac76450c455b88 installed
perl-libs-4:5.40.2-512.2.el10_0.x86_64 1753788924 10249003 d648237bfede7e186de5cf463137d378 installed
perl-Pod-Perldoc-3.28.01-512.el10.noarch 1734158919 166972 81c6fa8231c0d1ea38eefad4425af35d installed
perl-doc-0:5.40.2-512.2.el10_0.noarch 1753788929 11559256 34d1cd5b8870cc45d819fb6e8d154d32 installed
perl-interpreter-4:5.40.2-512.2.el10_0.x86_64 1753788924 125194 f5f0d03ea657ebbc94e5b1228d7ff5ac installed
perl-File-Find-0:1.44-512.2.el10_0.noarch 1753788929 42951 f9a9fce083f63ca45b05e1d9f801161a installed
perl-version-8:0.99.32-4.el10.x86_64 1734155293 135760 039e2a5956d542d12277ef6e31319a8e installed
perl-File-Copy-0:2.41-512.2.el10_0.noarch 1753788929 20089 8a6ce299cbd49a7580ece68038896e6e installed
perl-Time-HiRes-4:1.9777-511.el10.x86_64 1734180401 122599 7313bc03f1f68dd3641c818a4a19604a installed
perl-ExtUtils-Manifest-1:1.75-511.el10.noarch 1734160072 86801 66e982559d999f91a915005a72df4a63 installed
perl-threads-1:2.40-511.el10.x86_64 1734187444 117753 397deb72d13ee724e9b08f03c0e9307f installed
perl-threads-shared-1.69-511.el10.x86_64 1734188973 85605 810f7b44434e0c4fd7a42ffaad5575b6 installed
perl-CPAN-Meta-Requirements-2.143-11.el10.noarch 1734178328 83085 74983e42d44cda9d4e1e2df1ea9fc846 installed
perl-ExtUtils-ParseXS-1:3.51-512.el10.noarch 1734161800 408634 6da5f0bdb8593b119bc48a1bebb83702 installed
perl-Compress-Raw-Zlib-2.212-513.el10.x86_64 1765909318 166179 71a6065e37e3452fef6e548b39103090 installed
perl-File-Compare-0:1.100.800-512.2.el10_0.noarch 1753788929 5715 68d62084e2998e38e6144f663da7f3a4 installed
perl-lib-0:0.65-512.2.el10_0.x86_64 1753788924 8710 ceefb10dfd91d01faccb33c83bac6ad6 installed
perl-Module-CoreList-1:5.20260119-1.el10.noarch 1770208471 1327349 10b5307053cc30425b8498052db3b95b installed
perl-Module-Metadata-1.000038-512.el10.noarch 1734184057 69056 10b2edf590c9aa2d27fb43cc97be40c0 installed
perl-Digest-SHA-1:6.04-512.el10.x86_64 1734175386 119226 9d62b9b0abefcf4f1ba6a783e58fc507 installed
perl-Devel-Peek-0:1.34-512.2.el10_0.x86_64 1753788924 44514 39d5a23298417d9bd99288e303d5556f installed
perl-Filter-2:1.64-512.el10.x86_64 1734155621 168343 98a38cbdcb55080c24cc1b0335de1ddf installed
perl-Module-Load-1:0.36-511.el10.noarch 1734178998 15187 6c00b49abf427654b8e95ab493ec5f75 installed
perl-Perl-OSType-1.010-512.el10.noarch 1734182905 33579 807fa3c9c3eff13c2e659e0664defbc4 installed
perl-Term-ReadLine-0:1.17-512.2.el10_0.noarch 1753788929 17684 072c55e7f5ffe9a1b9a1af90443c17ec installed
perl-Term-Table-0.018-513.el10.noarch 1734376501 78762 eb8f5de0f2e2b4d06ce966de107633d9 installed
perl-Tie-0:4.6-512.2.el10_0.noarch 1753788929 32746 82ab8421c22d6cc88b5e5053fb40f6da installed
perl-Unicode-Normalize-1.32-511.el10.x86_64 1734163219 476233 e4c14c1c4570a7be64f47ee9f3606422 installed
perl-meta-notation-0:5.40.2-512.2.el10_0.noarch 1753788929 2069 44e450de29274eb5bab306768ae299a9 installed
perl-encoding-4:3.00-511.el10.x86_64 1734177504 152978 3026acdd391632e1b1f2ff708dbfef5c installed
perl-Dumpvalue-0:2.27-512.2.el10_0.noarch 1753788929 20235 3ebe58d3744e2da7ff52f01cd1a5ab6b installed
perl-Net-Ping-2.76-511.el10.noarch 1734157454 137388 f3391af55d96e79a909ae86b55666c1d installed
perl-ExtUtils-Command-2:7.70-513.el10.noarch 1734158129 9784 460526c7b38b10cd437169dd911b417d installed
perl-Pod-Html-0:1.35-512.2.el10_0.noarch 1753788929 43213 6bbd7481de91f657756825964ace099a installed
perl-AutoSplit-0:5.74-512.2.el10_0.noarch 1753788929 23666 7a78caa4a319477fe83832b4773c7d37 installed
perl-Benchmark-0:1.25-512.2.el10_0.noarch 1753788929 37204 8c2ed24d2af14d0608c19776eb6d2925 installed
perl-Test-Harness-1:3.48-512.el10.noarch 1734178702 570238 8d8513325e6f364f31fff282492a8a32 installed
perl-CPAN-Meta-YAML-0.018-512.el10.noarch 1734180638 51437 e348538064380ab5ed4826ff28b3f559 installed
perl-Compress-Raw-Bzip2-2.212-512.el10.x86_64 1734158964 71071 37ed7d1e1508a8e90716689ec462b35f installed
perl-IO-Compress-2.212-512.el10_2.1.noarch 1782760069 1066683 b35d02954dceaf9dedf301c48f00b657 installed
perl-IO-Zlib-1:1.15-511.el10.noarch 1734160678 26312 13f0f146aa36f4053d8e585e52dace2b installed
perl-Devel-PPPort-3.72-512.el10.x86_64 1734160985 913567 cc0ad305f82a20547a619b657f4d3b36 installed
perl-DirHandle-0:1.05-512.2.el10_0.noarch 1753788929 3461 a0f9800cf08984826e4117a036862efa installed
perl-ExtUtils-Constant-0:0.25-512.2.el10_0.noarch 1753788929 87837 73c51a0989965aad2b813e43e5bbae70 installed
perl-ExtUtils-MM-Utils-2:7.70-513.el10.noarch 1734158129 2953 c44a3f84b3cb635d060c6cee1041f7cf installed
perl-Hash-Util-FieldHash-0:1.27-512.2.el10_0.x86_64 1753788924 68160 b3c131116b316aad0a8add612d27e3a3 installed
perl-Hash-Util-0:0.32-512.2.el10_0.x86_64 1753788924 56289 9cada5d404168420ca64cf2df596ac8a installed
perl-I18N-LangTags-0:0.45-512.2.el10_0.noarch 1753788929 84240 7939b3f8e7294c7cdaeebcf5a070769f installed
perl-Locale-Maketext-1.33-512.el10.noarch 1734154546 175190 522fda4edf7351e15ae5bcee478436e8 installed
perl-Locale-Maketext-Simple-1:0.21-512.2.el10_0.noarch 1753788929 13063 bb68fb35c140ece9aedfecdb24a52bcb installed
perl-Params-Check-1:0.38-511.el10.noarch 1734170200 28189 ecaf993bd17df581eaab0e7d7c7e03ad installed
perl-Module-Load-Conditional-0.74-511.el10.noarch 1734181903 29381 ffcb77703798c9268e4fcf04d7fe37b4 installed
perl-IPC-Cmd-2:1.04-512.el10.noarch 1734164138 86875 cca4ac789d80944f4c042bf52e8f220d installed
perl-Math-Complex-0:1.62-512.2.el10_0.noarch 1753788929 86995 f812f787d4dfaa3a5ce1586c07a5088d installed
perl-Math-BigInt-1:2.0030.03-3.el10.noarch 1734163476 980465 d497311b492d53f0c3ce3ed13b3b5bc0 installed
perl-JSON-PP-1:4.16-513.el10.noarch 1765910236 145112 8fed0b1820c87e4c5450f7ec4f5ae6cd installed
perl-CPAN-Meta-2.150010-511.el10.noarch 1734174092 606008 3cf5e2d2980cb2675f9dd8ee10c15f84 installed
perl-ExtUtils-Install-2.22-511.el10.noarch 1734156287 87428 a1596e8679416071bd484e22322e1a52 installed
perl-devel-4:5.40.2-512.2.el10_0.x86_64 1753788924 8429475 1517db87547f43da2e8c76e27075511c installed
perl-ExtUtils-MakeMaker-2:7.70-513.el10.noarch 1734158129 750473 b279c7ee52ae4d10f9ceeba8d4f34b53 installed
perl-ExtUtils-CBuilder-1:0.280240-511.el10.noarch 1734154927 99177 c413455be3897d1952bc2a3fd4475074 installed
perl-ExtUtils-Embed-0:1.35-512.2.el10_0.noarch 1753788929 15894 44278662586c6e445794005697e04afd installed
perl-Test-Simple-3:1.302199-513.el10.noarch 1734189086 1381438 95799d374a41eaffeb5ae58cf30999c5 installed
perl-Params-Util-1.102-19.el10.x86_64 1734170654 55764 f20071c52a198d83bab43544bc47cd11 installed
perl-SelfLoader-0:1.27-512.2.el10_0.noarch 1753788929 22894 19dcfd9699f1b5b77119aa5a384348f5 installed
perl-Sub-Install-0.929-8.el10.noarch 1734188660 36691 b62c76a6b75003cbd671814c08f51add installed
perl-Sys-Hostname-0:1.25-512.2.el10_0.x86_64 1753788924 20281 16adb1edd85416f9cd90cf3667f6b08b installed
perl-Text-Balanced-2.06-511.el10.noarch 1734157689 113970 c60dcc9d6f07554411a3d3d558593b5b installed
perl-Tie-RefHash-1.40-511.el10.noarch 1734178836 35076 88ed4c235ff6613b46d1205d342a05ba installed
perl-User-pwent-0:1.05-512.2.el10_0.noarch 1753788929 17427 1263778e4ae216fd3a5acffc7790b310 installed
perl-autouse-0:1.11-512.2.el10_0.noarch 1753788929 6057 a149cad260575f4fa8be64294907b954 installed
perl-subs-0:1.04-512.2.el10_0.noarch 1753788929 2143 bbf4564e5f5325f1052257d872034e43 installed
perl-Opcode-0:1.65-512.2.el10_0.x86_64 1753788924 53708 87895899c9eb79045599a34bd04c5171 installed
perl-Safe-0:2.46-512.2.el10_0.noarch 1753788929 31354 f92bdd0ec8b9bfe0c3c9740e3a5204ab installed
perl-Filter-Simple-0.96-511.el10.noarch 1734157516 51862 b5545b37624ae3c60593e301438316ba installed
perl-Data-OptList-0.114-7.el10.noarch 1734188063 51242 79772f9fc927d70c62b480991ac2b7fd installed
perl-Devel-SelfStubber-0:1.06-512.2.el10_0.noarch 1753788929 6905 e6d9d3ccd4c254c3d351e9f4330ccfab installed
perl-Test2-Suite-0.000163-4.el10.noarch 1734156115 891599 f39ea124776723e5540962b222127ec7 installed
perl-ExtUtils-Miniperl-0:1.14-512.2.el10_0.noarch 1753788929 8420 d6da8bbe2315631164ee791968414d9e installed
perl-libnetcfg-4:5.40.2-512.2.el10_0.noarch 1753788929 17315 f6818f7432adbc77f4def76dd96d3996 installed
perl-Encode-devel-4:3.21-511.el10.x86_64 1734177504 101975 cdbb86bc95b88db57617ca2a1913739f installed
perl-inc-latest-2:0.500-30.el10.noarch 1734170964 35304 2be1de6efcb31290b71540657600086d installed
perl-Math-BigInt-FastCalc-0.501.800-511.el10.x86_64 1734163282 44898 9e7a9349fada37c0b33af2225d9e8b89 installed
perl-bignum-0.67-512.el10.noarch 1734160104 136135 7cc9b6fa9be08eec350d72e23912662f installed
perl-File-Fetch-1.04-511.el10.noarch 1734171321 60522 9f527fb3f0e862534d3d1ac785326719 installed
perl-fields-0:2.27-512.2.el10_0.noarch 1753788929 12128 7d7721f37e73610611409cf9c7655fb5 installed
perl-DBM_Filter-0:0.06-512.2.el10_0.noarch 1753788929 29150 4346872b73e6df6308d164bbd25a5534 installed
perl-open-0:1.13-512.2.el10_0.noarch 1753788929 11539 c7e6a1ca9e9a8d720b894987e030ea4f installed
perl-debugger-0:1.60-512.2.el10_0.noarch 1753788929 411841 68d00a912d48867626c1fbb5abe2fca1 installed
perl-sigtrap-0:1.10-512.2.el10_0.noarch 1753788929 11299 4bf4e9b4a9d44a599867223af277afd7 installed
perl-Unicode-Collate-1.31-511.el10.x86_64 1734157824 4381785 1a0a51f7107d051a77be40ab7b25926c installed
perl-Unicode-UCD-0:0.78-512.2.el10_0.noarch 1753788929 209345 33e0a321c5fefd80637bd9c491dd04f5 installed
perl-Env-1.06-511.el10.noarch 1734185249 26665 a1e66d99ea1443f88a7af5f03f9050c6 installed
perl-Module-CoreList-tools-1:5.20260119-1.el10.noarch 1770208471 19004 7dac18d89044ee2e8304211357e3816e installed
perl-Archive-Zip-1.68-17.el10.noarch 1734161110 297848 ba98f3589ba8bb65e588432a3a7c944e installed
perl-Thread-0:3.05-512.2.el10_0.noarch 1753788929 12387 c0ce44008e18d7c02bf58f68387e5b7a installed
perl-Thread-Queue-3.14-511.el10.noarch 1734174310 29532 673afebeca3fe267b28ccd5328e993fb installed
perl-Thread-Semaphore-0:2.13-512.2.el10_0.noarch 1753788929 10243 18839566127648eb19900ff7222d61d5 installed
perl-experimental-0.032-511.el10.noarch 1734165467 41857 5b0a16a8b4eaa3c7b6c5508bcffed1d3 installed
perl-Pod-Checker-4:1.77-511.el10.noarch 1734188612 53410 154dc3ebbce3c5861119724f69c015f9 installed
perl-diagnostics-0:1.40-512.2.el10_0.noarch 1753788929 476574 f325abdc68eef54d52de17b7020ccc3a installed
perl-macros-4:5.40.2-512.2.el10_0.noarch 1753788929 5643 ba88b26cde1071d2d30865d97a1b038c installed
perl-utils-0:5.40.2-512.2.el10_0.noarch 1753788929 99175 da15b741ebf6f7729924d8adf8aa21f5 installed
perl-Algorithm-Diff-1.2010-14.el10.noarch 1734155855 109991 9d77bdde9ccd3a0ae53310d707823b67 installed
perl-Text-Diff-1.45-25.el10.noarch 1768997409 84857 84ffc023ab342e53e0182fe9c03de628 installed
perl-Attribute-Handlers-0:1.03-512.2.el10_0.noarch 1753788929 40850 469a8e7c1834c19e0ead24822b180b51 installed
perl-Compress-Bzip2-2.28-21.el10.x86_64 1734157141 145959 af16fb949c46dde3a3e784ff60890b95 installed
perl-Compress-Raw-Lzma-2.212-3.el10.x86_64 1734420797 127758 9d49b4bfe913158446b0bcaea070fd54 installed
perl-IO-Compress-Lzma-2.206-8.el10.noarch 1768997182 219692 efe41660356d4265c215fa22b678f89b installed
perl-Archive-Tar-3.02-512.el10_2.1.noarch 1782759945 158966 9357bfb49531366147abec9d561f7f52 installed
perl-Config-Extensions-0:0.03-512.2.el10_0.noarch 1753788929 2702 715270a4acef7d3591dc7abde0fa436f installed
perl-Config-Perl-V-0.36-512.el10.noarch 1734167896 26048 bbb0cfa5e262971021ebd5d23a5d4a90 installed
perl-Devel-Size-0.84-3.el10.x86_64 1734162720 46765 f337e463e5a3203f5ef441161c489ac3 installed
perl-English-0:1.11-512.2.el10_0.noarch 1753788929 6352 57c83e1606402a8aa46c173a93ed7ebb installed
perl-File-DosGlob-0:1.12-512.2.el10_0.x86_64 1753788924 25390 230c06a97680706a5a28dcd5e5b2e3ac installed
perl-File-Which-1.27-14.el10.noarch 1734153576 31090 719297ff87a2f5710af39f5b620156e6 installed
perl-File-HomeDir-1.006-15.el10.noarch 1734173270 121783 ba4569e53298e7cd1fb725779a27cc71 installed
perl-FileCache-0:1.10-512.2.el10_0.noarch 1753788929 7624 23be15fb1078be6df880cffcfe12e866 installed
perl-FindBin-0:1.54-512.2.el10_0.noarch 1753788929 6874 8ea462798b2ce7b1c1881c983dc9ed46 installed
perl-I18N-Collate-0:1.02-512.2.el10_0.noarch 1753788929 7222 3f8b78aee80fc94b0fb2596d291771ce installed
perl-I18N-Langinfo-0:0.24-512.2.el10_0.x86_64 1753788924 39618 117f6439abb18e6e3e834354d367b0cb installed
perl-IPC-SysV-2.09-512.el10.x86_64 1734168546 75370 ac06a36aebc561a701cf85344761baa5 installed
perl-IPC-System-Simple-1.30-16.el10.noarch 1734171867 73314 2aca3d56fc7a345d782e94581b9239c8 installed
perl-autodie-2.37-512.el10.noarch 1734158247 219682 ce97b0f916473f530611e7a6c56e48a0 installed
perl-MRO-Compat-0.15-12.el10.noarch 1734159960 43996 f8cbc9d8bf01b67edcf921a1a30eb0b1 installed
perl-Memoize-0:1.16-512.2.el10_0.noarch 1753788929 66031 15cf420eb00d5e0198bcf105268f01e3 installed
perl-Module-Loaded-1:0.08-512.2.el10_0.noarch 1753788929 5085 cd6e27722374b3c7ffa3e2bb564549bb installed
perl-NEXT-0:0.69-512.2.el10_0.noarch 1753788929 24112 e39527c84b33ffcd03c0852833042c7a installed
perl-Net-0:1.04-512.2.el10_0.noarch 1753788929 22840 0a7ea16281ba637a323469fff3eb2b6e installed
perl-Package-Generator-1.106-34.el10.noarch 1734168475 30516 023b995cd9bccc13365a2bf5a9f061da installed
perl-Sub-Exporter-0.991-7.el10.noarch 1734184712 199375 1521a86f06dadff058196fac53f6c16e installed
perl-Data-Section-0.200008-8.el10.noarch 1734153708 43734 81bf5603f8a12056b967c5daf04bad0c installed
perl-PerlIO-via-QuotedPrint-0.10-511.el10.noarch 1734187069 30938 4f60af7a36cd0eb6d12c3fe1effb6776 installed
perl-Pod-Functions-0:1.14-512.2.el10_0.noarch 1753788929 14591 7111a93129ebcf7bbac6f00c789d0868 installed
perl-Search-Dict-0:1.07-512.2.el10_0.noarch 1753788929 4767 0623c922d4164bb8f9b23d46dabcebe8 installed
perl-Sys-Syslog-0.36-512.el10.x86_64 1734155685 96898 495145e243fcb1006ec967599831cc70 installed
perl-Term-Complete-0:1.403-512.2.el10_0.noarch 1753788929 5873 7904d3d60c0f84e70d73f7fff8c97fab installed
perl-Test-0:1.31-512.2.el10_0.noarch 1753788929 37839 f0a91d871094f7b09317cb7d1d2ce8eb installed
perl-Text-Abbrev-0:1.02-512.2.el10_0.noarch 1753788929 3127 6f1b8f2f87175d86633df9158d346950 installed
perl-Text-Glob-0.11-26.el10.noarch 1734163086 8578 1c7ea9cd3265c59a92f6100cec754845 installed
perl-Text-Template-1.61-8.el10.noarch 1734168831 114952 8b866b4d2a8228b5a04be23b9fc1380b installed
perl-Software-License-0.104006-4.el10.noarch 1734178084 512779 fd9c8ed298dab5b183e065871956eaf0 installed
perl-Module-Build-2:0.42.34-7.el10.noarch 1734167422 668937 601f4d6cc8b9172ad75765ca3402a94f installed
perl-Tie-File-0:1.09-512.2.el10_0.noarch 1753788929 87733 538889c1b1d338e7e6aac64e35c75838 installed
perl-Tie-Memoize-0:1.1-512.2.el10_0.noarch 1753788929 6341 85a7ebf8b46179a19ca641b7368c1f35 installed
perl-Time-0:1.04-512.2.el10_0.noarch 1753788929 9891 4f11ecaba9f0f58e58c3535cbecffb45 installed
perl-Time-Piece-0:1.3401-512.2.el10_0.x86_64 1753788924 72697 539255670132b19ffed78ea08f33a9a2 installed
perl-blib-0:1.07-512.2.el10_0.noarch 1753788929 3279 a4b106f2db713d434a157a7493360a10 installed
perl-deprecate-0:0.04-512.2.el10_0.noarch 1753788929 6698 1eaf3633dd2df57efe561c89e51561ac installed
perl-encoding-warnings-0:0.14-512.2.el10_0.noarch 1753788929 10328 67537267d05008bac6c1dc6703d1c77c installed
perl-filetest-0:1.03-512.2.el10_0.noarch 1753788929 6547 b862e79dbea1e02ab4eb2b9950539b5d installed
perl-less-0:0.03-512.2.el10_0.noarch 1753788929 5010 1c7e34c316c1c23811d8c71f322d6f88 installed
perl-local-lib-2.000029-9.el10.noarch 1734179498 120188 2dcbb957976b682cd6eed574d468f78e installed
perl-perlfaq-5.20240218-511.el10.noarch 1734183961 749100 48aea483c0cf7fffb1acc06e2fe2e6fb installed
perl-ph-0:5.40.2-512.2.el10_0.x86_64 1753788924 264000 c70bb9af79f912ce4597f5dbb2bfddef installed
perl-sort-0:2.05-512.2.el10_0.noarch 1753788929 4888 0091005a27381b7041d22f4c4d9bb7b9 installed
perl-vmsish-0:1.04-512.2.el10_0.noarch 1753788929 6685 17f9eb3391c60310aeca0f4a8f5ff3bd installed
gnutls-3.8.10-4.el10_2.x86_64 1779808195 4411571 523917c15893332e42e1601a70e4a0de installed
gnupg2-2.4.5-4.el10_1.x86_64 1771262072 9990749 0765aa494189f5498745acc8c0638de5 installed
perl-Module-Signature-0.88-12.el10.noarch 1734189494 138556 4e986438b23acd0c31622861a7e444a8 installed
perl-CPAN-2.36-514.el10_0.noarch 1747268465 1968524 88d2bac69437e5a44d9b06f7d595677f installed
perl-4:5.40.2-512.2.el10_0.x86_64 1753788924 0 952fa1a6495790ee7269401997b82a94 installed
dbus-common-1:1.14.10-5.el10.noarch 1734040836 11504 f3d33e875be6a6ad067e588e2d3c0488 installed
dbus-broker-36-4.el10.x86_64 1755697924 391598 eb9d809801d2c5a2f51cf6ff6e0465c8 installed
dbus-1:1.14.10-5.el10.x86_64 1734035238 0 76cee65cdb945e6d8cd30447cfba1b13 installed
systemd-pam-257-23.el10_2.2.alma.1.x86_64 1780480095 680542 4664c6edcc70d197f3b59a7ea5c742c2 installed
systemd-257-23.el10_2.2.alma.1.x86_64 1780480095 17635985 f8f300a1ad5b2f77f61567b655dd818b installed
modsecurity-3.0.16-1.el10.x86_64 1783083103 2094929 2045edff89bf74c369715f85f3b6fb2f installed
annobin-plugin-gcc-13.02-2.el10.x86_64 1768993506 1033576 dd6e5f28895620dc0622c592275c7553 installed
zlib-ng-compat-devel-2.2.3-3.el10_1.x86_64 1770277085 109541 d8e33b7a9ccbe275345ca46c261f8bfb installed
gcc-plugin-annobin-14.3.1-4.4.el10.alma.2.x86_64 1772111059 57994 d30ecda1c4b11d36b0bccabe8db0c94f installed
pcre2-devel-10.44-1.el10.3.x86_64 1734182345 2057710 14b137d8cf6f3357e9331aec7db447e4 installed
openssl-devel-1:3.5.5-5.el10_2.alma.1.x86_64 1784053766 4648475 f1a020fb715baa54fc1c956ac8017144 installed
libzstd-devel-1.5.5-9.el10.x86_64 1734225610 202817 1d15c933186ca29b892220238ad68755 installed
systemd-rpm-macros-257-23.el10_2.2.alma.1.noarch 1780480119 10938 7952ba7ed7d3701a75a19ab19f968b56 installed
